Lmod has detected the following error: The following module(s) are unknown:
"miniconda3"

Please check the spelling or version number. Also try "module spider ..."
It is also possible your cache file is out-of-date; it may help to try:
  $ module --ignore_cache load "miniconda3"

Also make sure that all modulefiles written in TCL start with the string
#%Module



Collecting package metadata (current_repodata.json): ...working... done
Solving environment: ...working... done


==> WARNING: A newer version of conda exists. <==
  current version: 22.9.0
  latest version: 26.1.1

Please update conda by running

    $ conda update -n base -c defaults conda



## Package Plan ##

  environment location: /scratch/users/k25053715/MSc_research/0_project_env/biopython_env

  added / updated specs:
    - biopython
    - numpy
    - python=3.11


The following packages will be downloaded:

    package                    |            build
    ---------------------------|-----------------
    setuptools-82.0.1          |  py311h06a4308_0         1.6 MB
    ------------------------------------------------------------
                                           Total:         1.6 MB

The following NEW packages will be INSTALLED:

  _libgcc_mutex      pkgs/main/linux-64::_libgcc_mutex-0.1-main None
  _openmp_mutex      pkgs/main/linux-64::_openmp_mutex-5.1-1_gnu None
  biopython          pkgs/main/linux-64::biopython-1.86-py311h47b2149_0 None
  blas               pkgs/main/linux-64::blas-1.0-mkl None
  bzip2              pkgs/main/linux-64::bzip2-1.0.8-h5eee18b_6 None
  ca-certificates    pkgs/main/linux-64::ca-certificates-2026.3.19-h06a4308_0 None
  icu                pkgs/main/linux-64::icu-73.1-h6a678d5_0 None
  intel-openmp       pkgs/main/linux-64::intel-openmp-2025.0.0-h06a4308_1171 None
  ld_impl_linux-64   pkgs/main/linux-64::ld_impl_linux-64-2.44-h9e0c5a2_3 None
  libexpat           pkgs/main/linux-64::libexpat-2.7.5-h7354ed3_0 None
  libffi             pkgs/main/linux-64::libffi-3.4.4-h6a678d5_1 None
  libgcc             pkgs/main/linux-64::libgcc-15.2.0-h69a1729_7 None
  libgcc-ng          pkgs/main/linux-64::libgcc-ng-15.2.0-h166f726_7 None
  libgomp            pkgs/main/linux-64::libgomp-15.2.0-h4751f2c_7 None
  libhwloc           pkgs/main/linux-64::libhwloc-2.12.1-default_hf1bbc79_1000 None
  libnsl             pkgs/main/linux-64::libnsl-2.0.0-h5eee18b_0 None
  libstdcxx          pkgs/main/linux-64::libstdcxx-15.2.0-h39759b7_7 None
  libstdcxx-ng       pkgs/main/linux-64::libstdcxx-ng-15.2.0-hc03a8fd_7 None
  libuuid            pkgs/main/linux-64::libuuid-1.41.5-h5eee18b_0 None
  libxcb             pkgs/main/linux-64::libxcb-1.17.0-h9b100fa_0 None
  libxml2            pkgs/main/linux-64::libxml2-2.13.9-h2c43086_0 None
  libzlib            pkgs/main/linux-64::libzlib-1.3.1-hb25bd0a_0 None
  mkl                pkgs/main/linux-64::mkl-2025.0.0-hacee8c2_941 None
  mkl-service        pkgs/main/linux-64::mkl-service-2.5.2-py311hacdc0fc_0 None
  mkl_fft            pkgs/main/linux-64::mkl_fft-2.1.1-py311h8fe796d_0 None
  mkl_random         pkgs/main/linux-64::mkl_random-1.3.0-py311h505adc9_0 None
  ncurses            pkgs/main/linux-64::ncurses-6.5-h7934f7d_0 None
  numpy              pkgs/main/linux-64::numpy-2.4.3-py311h08c6c3d_0 None
  numpy-base         pkgs/main/linux-64::numpy-base-2.4.3-py311h00548fb_0 None
  openssl            pkgs/main/linux-64::openssl-3.5.5-h1b28b03_0 None
  packaging          pkgs/main/linux-64::packaging-26.0-py311h06a4308_0 None
  pip                pkgs/main/noarch::pip-26.0.1-pyhc872135_1 None
  pthread-stubs      pkgs/main/linux-64::pthread-stubs-0.3-h0ce48e5_1 None
  python             pkgs/main/linux-64::python-3.11.15-h741d88c_0 None
  readline           pkgs/main/linux-64::readline-8.3-hc2a1206_0 None
  setuptools         pkgs/main/linux-64::setuptools-82.0.1-py311h06a4308_0 None
  sqlite             pkgs/main/linux-64::sqlite-3.51.2-h3e8d24a_0 None
  tbb                pkgs/main/linux-64::tbb-2022.3.0-h698db13_0 None
  tbb-devel          pkgs/main/linux-64::tbb-devel-2022.3.0-h698db13_0 None
  tk                 pkgs/main/linux-64::tk-8.6.15-h54e0aa7_0 None
  tzdata             pkgs/main/noarch::tzdata-2026a-he532380_0 None
  wheel              pkgs/main/linux-64::wheel-0.46.3-py311h06a4308_0 None
  xorg-libx11        pkgs/main/linux-64::xorg-libx11-1.8.12-h9b100fa_1 None
  xorg-libxau        pkgs/main/linux-64::xorg-libxau-1.0.12-h9b100fa_0 None
  xorg-libxdmcp      pkgs/main/linux-64::xorg-libxdmcp-1.1.5-h9b100fa_0 None
  xorg-xorgproto     pkgs/main/linux-64::xorg-xorgproto-2024.1-h5eee18b_1 None
  xz                 pkgs/main/linux-64::xz-5.8.2-h448239c_0 None
  zlib               pkgs/main/linux-64::zlib-1.3.1-hb25bd0a_0 None



Downloading and Extracting Packages
setuptools-82.0.1    | 1.6 MB    |            |   0% setuptools-82.0.1    | 1.6 MB    | ##5        |  26% setuptools-82.0.1    | 1.6 MB    | ########## | 100% setuptools-82.0.1    | 1.6 MB    | ########## | 100% 
Preparing transaction: ...working... done
Verifying transaction: ...working... done
Executing transaction: ...working... done
#
# To activate this environment, use
#
#     $ conda activate /scratch/users/k25053715/MSc_research/0_project_env/biopython_env
#
# To deactivate an active environment, use
#
#     $ conda deactivate

Retrieving notices: ...working... done
Biopython: 1.86
