[RUN_BOLTZ2] Started at Sun 14 Jun 20:58:39 BST 2026
[RUN_BOLTZ2] Input YAML: fgfr1_20lipids.yaml
[rank: 0] Seed set to 42
MSA server enabled: https://api.colabfold.com
MSA server authentication: no credentials provided
Checking input data.
Processing 1 inputs with 1 threads.
  0%|          | 0/1 [00:00<?, ?it/s]Found explicit empty MSA for some proteins, will run these in single sequence mode. Keep in mind that the model predictions will be suboptimal without an MSA.
100%|██████████| 1/1 [00:01<00:00,  1.62s/it]100%|██████████| 1/1 [00:01<00:00,  1.62s/it]
/cephfs/volumes/hpc_data_usr/k25053715/3a800abf-2370-46d6-96d9-b8284b670110/MSc_research/0_project_env/boltz2_venv/lib/python3.11/site-packages/lightning_fabric/plugins/environments/slurm.py:204: The `srun` command is available on your system but is not used. HINT: If your intention is to run Lightning on SLURM, prepend your python command with `srun` like so: srun python /cephfs/volumes/hpc_data_usr/k25053715/3a800abf-2370 ...
Using bfloat16 Automatic Mixed Precision (AMP)
GPU available: True (cuda), used: True
TPU available: False, using: 0 TPU cores
HPU available: False, using: 0 HPUs
/cephfs/volumes/hpc_data_usr/k25053715/3a800abf-2370-46d6-96d9-b8284b670110/MSc_research/0_project_env/boltz2_venv/lib/python3.11/site-packages/pytorch_lightning/trainer/connectors/logger_connector/logger_connector.py:76: Starting from v1.9.0, `tensorboardX` has been removed as a dependency of the `pytorch_lightning` package, due to potential conflicts with other packages in the ML ecosystem. For this reason, `logger=True` will use `CSVLogger` as the default logger, unless the `tensorboard` or `tensorboardX` packages are found. Please `pip install lightning[extra]` or one of them to enable TensorBoard support by default
WARNING: RDKit ETKDGv3 failed to generate a conformer for molecule CCCCCCCCCCCCCCCC(=O)OCC(COP(=O)(O)OCC[N+](C)(C)C)OC(=O)CCCCCCCCCCCCCCC, so the program will start with random coordinates. Note that the performance of the model under this behaviour was not tested.
Running structure prediction for 1 input.
/cephfs/volumes/hpc_data_usr/k25053715/3a800abf-2370-46d6-96d9-b8284b670110/MSc_research/0_project_env/boltz2_venv/lib/python3.11/site-packages/pytorch_lightning/utilities/migration/utils.py:56: The loaded checkpoint was produced with Lightning v2.5.0.post0, which is newer than your current Lightning version: v2.5.0
You are using a CUDA device ('NVIDIA A40') that has Tensor Cores. To properly utilize them, you should set `torch.set_float32_matmul_precision('medium' | 'high')` which will trade-off precision for performance. For more details, read https://pytorch.org/docs/stable/generated/torch.set_float32_matmul_precision.html#torch.set_float32_matmul_precision
LOCAL_RANK: 0 - CUDA_VISIBLE_DEVICES: [0]
/cephfs/volumes/hpc_data_usr/k25053715/3a800abf-2370-46d6-96d9-b8284b670110/MSc_research/0_project_env/boltz2_venv/lib/python3.11/site-packages/pytorch_lightning/utilities/_pytree.py:21: `isinstance(treespec, LeafSpec)` is deprecated, use `isinstance(treespec, TreeSpec) and treespec.is_leaf()` instead.
Predicting: |          | 0/? [00:00<?, ?it/s]Predicting:   0%|          | 0/1 [00:00<?, ?it/s]Predicting DataLoader 0:   0%|          | 0/1 [00:00<?, ?it/s]/cephfs/volumes/hpc_data_usr/k25053715/3a800abf-2370-46d6-96d9-b8284b670110/MSc_research/0_project_env/boltz2_venv/lib/python3.11/site-packages/cuequivariance_ops_torch/triangle_attention.py:165: UserWarning: Non-SM100f kernel expects bias to be float32 so it's going to be cast to torch.float32. Check if you can change your code for maximum performance.
  warnings.warn(
Predicting DataLoader 0: 100%|██████████| 1/1 [06:04<00:00,  0.00it/s]Number of failed examples: 0
Predicting DataLoader 0: 100%|██████████| 1/1 [06:04<00:00,  0.00it/s]
boltz_out/boltz_results_fgfr1_20lipids/processed/records/fgfr1_20lipids.json
boltz_out/boltz_results_fgfr1_20lipids/processed/structures/fgfr1_20lipids.npz
boltz_out/boltz_results_fgfr1_20lipids/processed/constraints/fgfr1_20lipids.npz
boltz_out/boltz_results_fgfr1_20lipids/processed/mols/fgfr1_20lipids.pkl
boltz_out/boltz_results_fgfr1_20lipids/processed/manifest.json
boltz_out/boltz_results_fgfr1_20lipids/predictions/fgfr1_20lipids/fgfr1_20lipids_model_0.cif
boltz_out/boltz_results_fgfr1_20lipids/predictions/fgfr1_20lipids/confidence_fgfr1_20lipids_model_0.json
boltz_out/boltz_results_fgfr1_20lipids/predictions/fgfr1_20lipids/plddt_fgfr1_20lipids_model_0.npz
boltz_out/boltz_results_fgfr1_20lipids/predictions/fgfr1_20lipids/pae_fgfr1_20lipids_model_0.npz
boltz_out/boltz_results_fgfr1_20lipids/predictions/fgfr1_20lipids/pde_fgfr1_20lipids_model_0.npz
boltz_out/boltz_results_fgfr1_20lipids/lightning_logs/version_0/hparams.yaml
[RUN_BOLTZ2] Finished in 8 min 20 s
