=== Step 0: Clear cache ===
=== Step 1: Fresh venv ===
Requirement already satisfied: pip in ./boltz2_venv/lib/python3.11/site-packages (23.2.1)
Collecting pip
  Obtaining dependency information for pip from https://files.pythonhosted.org/packages/de/f0/c81e05b613866b76d2d1066490adf1a3dbc4ee9d9c839961c3fc8a6997af/pip-26.0.1-py3-none-any.whl.metadata
  Using cached pip-26.0.1-py3-none-any.whl.metadata (4.7 kB)
Requirement already satisfied: setuptools in ./boltz2_venv/lib/python3.11/site-packages (65.5.0)
Collecting setuptools
  Obtaining dependency information for setuptools from https://files.pythonhosted.org/packages/9d/76/f789f7a86709c6b087c5a2f52f911838cad707cc613162401badc665acfe/setuptools-82.0.1-py3-none-any.whl.metadata
  Using cached setuptools-82.0.1-py3-none-any.whl.metadata (6.5 kB)
Collecting wheel
  Obtaining dependency information for wheel from https://files.pythonhosted.org/packages/87/22/b76d483683216dde3d67cba61fb2444be8d5be289bf628c13fc0fd90e5f9/wheel-0.46.3-py3-none-any.whl.metadata
  Using cached wheel-0.46.3-py3-none-any.whl.metadata (2.4 kB)
Collecting packaging>=24.0 (from wheel)
  Obtaining dependency information for packaging>=24.0 from https://files.pythonhosted.org/packages/b7/b9/c538f279a4e237a006a2c98387d081e9eb060d203d8ed34467cc0f0b9b53/packaging-26.0-py3-none-any.whl.metadata
  Using cached packaging-26.0-py3-none-any.whl.metadata (3.3 kB)
Using cached pip-26.0.1-py3-none-any.whl (1.8 MB)
Using cached setuptools-82.0.1-py3-none-any.whl (1.0 MB)
Using cached wheel-0.46.3-py3-none-any.whl (30 kB)
Using cached packaging-26.0-py3-none-any.whl (74 kB)
Installing collected packages: setuptools, pip, packaging, wheel
  Attempting uninstall: setuptools
    Found existing installation: setuptools 65.5.0
    Uninstalling setuptools-65.5.0:
      Successfully uninstalled setuptools-65.5.0
  Attempting uninstall: pip
    Found existing installation: pip 23.2.1
    Uninstalling pip-23.2.1:
      Successfully uninstalled pip-23.2.1
Successfully installed packaging-26.0 pip-26.0.1 setuptools-82.0.1 wheel-0.46.3
=== Step 2: Clone + install Boltz ===
Cloning into 'boltz2'...
Obtaining file:///cephfs/volumes/hpc_data_usr/k25053715/3a800abf-2370-46d6-96d9-b8284b670110/MSc_research/0_project_env/boltz2
  Installing build dependencies: started
  Installing build dependencies: finished with status 'done'
  Checking if build backend supports build_editable: started
  Checking if build backend supports build_editable: finished with status 'done'
  Getting requirements to build editable: started
  Getting requirements to build editable: finished with status 'done'
  Preparing editable metadata (pyproject.toml): started
  Preparing editable metadata (pyproject.toml): finished with status 'done'
Collecting torch>=2.2 (from boltz==2.2.1)
  Using cached torch-2.10.0-3-cp311-cp311-manylinux_2_28_x86_64.whl.metadata (31 kB)
Collecting numpy<2.0,>=1.26 (from boltz==2.2.1)
  Using cached numpy-1.26.4-cp311-cp311-manylinux_2_17_x86_64.manylinux2014_x86_64.whl.metadata (61 kB)
Collecting hydra-core==1.3.2 (from boltz==2.2.1)
  Using cached hydra_core-1.3.2-py3-none-any.whl.metadata (5.5 kB)
Collecting pytorch-lightning==2.5.0 (from boltz==2.2.1)
  Using cached pytorch_lightning-2.5.0-py3-none-any.whl.metadata (21 kB)
Collecting rdkit>=2024.3.2 (from boltz==2.2.1)
  Using cached rdkit-2025.9.6-cp311-cp311-manylinux_2_28_x86_64.whl.metadata (3.8 kB)
Collecting dm-tree==0.1.8 (from boltz==2.2.1)
  Using cached dm_tree-0.1.8-cp311-cp311-manylinux_2_17_x86_64.manylinux2014_x86_64.whl.metadata (1.9 kB)
Collecting requests==2.32.3 (from boltz==2.2.1)
  Using cached requests-2.32.3-py3-none-any.whl.metadata (4.6 kB)
Collecting pandas>=2.2.2 (from boltz==2.2.1)
  Using cached pandas-3.0.1-cp311-cp311-manylinux_2_24_x86_64.manylinux_2_28_x86_64.whl.metadata (79 kB)
Collecting types-requests (from boltz==2.2.1)
  Using cached types_requests-2.32.4.20260107-py3-none-any.whl.metadata (2.0 kB)
Collecting einops==0.8.0 (from boltz==2.2.1)
  Using cached einops-0.8.0-py3-none-any.whl.metadata (12 kB)
Collecting einx==0.3.0 (from boltz==2.2.1)
  Using cached einx-0.3.0-py3-none-any.whl.metadata (6.9 kB)
Collecting fairscale==0.4.13 (from boltz==2.2.1)
  Using cached fairscale-0.4.13-py3-none-any.whl
Collecting mashumaro==3.14 (from boltz==2.2.1)
  Using cached mashumaro-3.14-py3-none-any.whl.metadata (114 kB)
Collecting modelcif==1.2 (from boltz==2.2.1)
  Using cached modelcif-1.2-py3-none-any.whl
Collecting wandb==0.18.7 (from boltz==2.2.1)
  Using cached wandb-0.18.7-py3-none-manylinux_2_17_x86_64.manylinux2014_x86_64.whl.metadata (9.7 kB)
Collecting click==8.1.7 (from boltz==2.2.1)
  Using cached click-8.1.7-py3-none-any.whl.metadata (3.0 kB)
Collecting pyyaml==6.0.2 (from boltz==2.2.1)
  Using cached PyYAML-6.0.2-cp311-cp311-manylinux_2_17_x86_64.manylinux2014_x86_64.whl.metadata (2.1 kB)
Collecting biopython==1.84 (from boltz==2.2.1)
  Using cached biopython-1.84-cp311-cp311-manylinux_2_17_x86_64.manylinux2014_x86_64.whl.metadata (12 kB)
Collecting scipy==1.13.1 (from boltz==2.2.1)
  Using cached scipy-1.13.1-cp311-cp311-manylinux_2_17_x86_64.manylinux2014_x86_64.whl.metadata (60 kB)
Collecting numba==0.61.0 (from boltz==2.2.1)
  Using cached numba-0.61.0-cp311-cp311-manylinux2014_x86_64.manylinux_2_17_x86_64.whl.metadata (2.8 kB)
Collecting gemmi==0.6.5 (from boltz==2.2.1)
  Using cached gemmi-0.6.5-cp311-cp311-manylinux_2_17_x86_64.manylinux2014_x86_64.whl.metadata (2.3 kB)
Collecting scikit-learn==1.6.1 (from boltz==2.2.1)
  Using cached scikit_learn-1.6.1-cp311-cp311-manylinux_2_17_x86_64.manylinux2014_x86_64.whl.metadata (18 kB)
Collecting chembl_structure_pipeline==1.2.2 (from boltz==2.2.1)
  Using cached chembl_structure_pipeline-1.2.2-py3-none-any.whl.metadata (3.9 kB)
Collecting cuequivariance_ops_cu12>=0.5.0 (from boltz==2.2.1)
  Using cached cuequivariance_ops_cu12-0.9.0-py3-none-manylinux_2_24_x86_64.manylinux_2_28_x86_64.whl.metadata (19 kB)
Collecting cuequivariance_ops_torch_cu12>=0.5.0 (from boltz==2.2.1)
  Using cached cuequivariance_ops_torch_cu12-0.9.0-cp311-cp311-manylinux_2_27_x86_64.manylinux_2_28_x86_64.whl.metadata (21 kB)
Collecting cuequivariance_torch>=0.5.0 (from boltz==2.2.1)
  Using cached cuequivariance_torch-0.9.0-py3-none-any.whl.metadata (15 kB)
Requirement already satisfied: setuptools>=46.4.0 in /cephfs/volumes/hpc_data_usr/k25053715/3a800abf-2370-46d6-96d9-b8284b670110/MSc_research/0_project_env/boltz2_venv/lib/python3.11/site-packages (from chembl_structure_pipeline==1.2.2->boltz==2.2.1) (82.0.1)
Collecting sympy (from einx==0.3.0->boltz==2.2.1)
  Using cached sympy-1.14.0-py3-none-any.whl.metadata (12 kB)
Collecting frozendict (from einx==0.3.0->boltz==2.2.1)
  Using cached frozendict-2.4.7-py3-none-any.whl.metadata (23 kB)
Collecting omegaconf<2.4,>=2.2 (from hydra-core==1.3.2->boltz==2.2.1)
  Using cached omegaconf-2.3.0-py3-none-any.whl.metadata (3.9 kB)
Collecting antlr4-python3-runtime==4.9.* (from hydra-core==1.3.2->boltz==2.2.1)
  Using cached antlr4_python3_runtime-4.9.3-py3-none-any.whl
Requirement already satisfied: packaging in /cephfs/volumes/hpc_data_usr/k25053715/3a800abf-2370-46d6-96d9-b8284b670110/MSc_research/0_project_env/boltz2_venv/lib/python3.11/site-packages (from hydra-core==1.3.2->boltz==2.2.1) (26.0)
Collecting typing-extensions>=4.1.0 (from mashumaro==3.14->boltz==2.2.1)
  Using cached typing_extensions-4.15.0-py3-none-any.whl.metadata (3.3 kB)
Collecting ihm>=1.7 (from modelcif==1.2->boltz==2.2.1)
  Using cached ihm-2.9-cp311-cp311-linux_x86_64.whl
Collecting llvmlite<0.45,>=0.44.0dev0 (from numba==0.61.0->boltz==2.2.1)
  Using cached llvmlite-0.44.0-cp311-cp311-manylinux_2_17_x86_64.manylinux2014_x86_64.whl.metadata (4.8 kB)
Collecting tqdm>=4.57.0 (from pytorch-lightning==2.5.0->boltz==2.2.1)
  Using cached tqdm-4.67.3-py3-none-any.whl.metadata (57 kB)
Collecting fsspec>=2022.5.0 (from fsspec[http]>=2022.5.0->pytorch-lightning==2.5.0->boltz==2.2.1)
  Using cached fsspec-2026.2.0-py3-none-any.whl.metadata (10 kB)
Collecting torchmetrics>=0.7.0 (from pytorch-lightning==2.5.0->boltz==2.2.1)
  Using cached torchmetrics-1.9.0-py3-none-any.whl.metadata (23 kB)
Collecting lightning-utilities>=0.10.0 (from pytorch-lightning==2.5.0->boltz==2.2.1)
  Using cached lightning_utilities-0.15.3-py3-none-any.whl.metadata (5.5 kB)
Collecting charset-normalizer<4,>=2 (from requests==2.32.3->boltz==2.2.1)
  Using cached charset_normalizer-3.4.5-cp311-cp311-manylinux2014_x86_64.manylinux_2_17_x86_64.manylinux_2_28_x86_64.whl.metadata (39 kB)
Collecting idna<4,>=2.5 (from requests==2.32.3->boltz==2.2.1)
  Using cached idna-3.11-py3-none-any.whl.metadata (8.4 kB)
Collecting urllib3<3,>=1.21.1 (from requests==2.32.3->boltz==2.2.1)
  Using cached urllib3-2.6.3-py3-none-any.whl.metadata (6.9 kB)
Collecting certifi>=2017.4.17 (from requests==2.32.3->boltz==2.2.1)
  Using cached certifi-2026.2.25-py3-none-any.whl.metadata (2.5 kB)
Collecting joblib>=1.2.0 (from scikit-learn==1.6.1->boltz==2.2.1)
  Using cached joblib-1.5.3-py3-none-any.whl.metadata (5.5 kB)
Collecting threadpoolctl>=3.1.0 (from scikit-learn==1.6.1->boltz==2.2.1)
  Using cached threadpoolctl-3.6.0-py3-none-any.whl.metadata (13 kB)
Collecting docker-pycreds>=0.4.0 (from wandb==0.18.7->boltz==2.2.1)
  Using cached docker_pycreds-0.4.0-py2.py3-none-any.whl.metadata (1.8 kB)
Collecting gitpython!=3.1.29,>=1.0.0 (from wandb==0.18.7->boltz==2.2.1)
  Using cached gitpython-3.1.46-py3-none-any.whl.metadata (13 kB)
Collecting platformdirs (from wandb==0.18.7->boltz==2.2.1)
  Using cached platformdirs-4.9.4-py3-none-any.whl.metadata (4.7 kB)
Collecting protobuf!=4.21.0,!=5.28.0,<6,>=3.19.0 (from wandb==0.18.7->boltz==2.2.1)
  Using cached protobuf-5.29.6-cp38-abi3-manylinux2014_x86_64.whl.metadata (592 bytes)
Collecting psutil>=5.0.0 (from wandb==0.18.7->boltz==2.2.1)
  Using cached psutil-7.2.2-cp36-abi3-manylinux2010_x86_64.manylinux_2_12_x86_64.manylinux_2_28_x86_64.whl.metadata (22 kB)
Collecting sentry-sdk>=2.0.0 (from wandb==0.18.7->boltz==2.2.1)
  Using cached sentry_sdk-2.54.0-py2.py3-none-any.whl.metadata (10 kB)
Collecting setproctitle (from wandb==0.18.7->boltz==2.2.1)
  Using cached setproctitle-1.3.7-cp311-cp311-manylinux1_x86_64.manylinux_2_28_x86_64.manylinux_2_5_x86_64.whl.metadata (10 kB)
Collecting nvidia-cublas-cu12>=12.5.0 (from cuequivariance_ops_cu12>=0.5.0->boltz==2.2.1)
  Using cached nvidia_cublas_cu12-12.9.1.4-py3-none-manylinux_2_27_x86_64.whl.metadata (1.7 kB)
Collecting nvidia-ml-py (from cuequivariance_ops_cu12>=0.5.0->boltz==2.2.1)
  Using cached nvidia_ml_py-13.590.48-py3-none-any.whl.metadata (9.8 kB)
Collecting cuequivariance (from cuequivariance_torch>=0.5.0->boltz==2.2.1)
  Using cached cuequivariance-0.9.0-py3-none-any.whl.metadata (15 kB)
Collecting six>=1.4.0 (from docker-pycreds>=0.4.0->wandb==0.18.7->boltz==2.2.1)
  Using cached six-1.17.0-py2.py3-none-any.whl.metadata (1.7 kB)
Collecting aiohttp!=4.0.0a0,!=4.0.0a1 (from fsspec[http]>=2022.5.0->pytorch-lightning==2.5.0->boltz==2.2.1)
  Using cached aiohttp-3.13.3-cp311-cp311-manylinux2014_x86_64.manylinux_2_17_x86_64.manylinux_2_28_x86_64.whl.metadata (8.1 kB)
Collecting aiohappyeyeballs>=2.5.0 (from aiohttp!=4.0.0a0,!=4.0.0a1->fsspec[http]>=2022.5.0->pytorch-lightning==2.5.0->boltz==2.2.1)
  Using cached aiohappyeyeballs-2.6.1-py3-none-any.whl.metadata (5.9 kB)
Collecting aiosignal>=1.4.0 (from aiohttp!=4.0.0a0,!=4.0.0a1->fsspec[http]>=2022.5.0->pytorch-lightning==2.5.0->boltz==2.2.1)
  Using cached aiosignal-1.4.0-py3-none-any.whl.metadata (3.7 kB)
Collecting attrs>=17.3.0 (from aiohttp!=4.0.0a0,!=4.0.0a1->fsspec[http]>=2022.5.0->pytorch-lightning==2.5.0->boltz==2.2.1)
  Using cached attrs-25.4.0-py3-none-any.whl.metadata (10 kB)
Collecting frozenlist>=1.1.1 (from aiohttp!=4.0.0a0,!=4.0.0a1->fsspec[http]>=2022.5.0->pytorch-lightning==2.5.0->boltz==2.2.1)
  Using cached frozenlist-1.8.0-cp311-cp311-manylinux1_x86_64.manylinux_2_28_x86_64.manylinux_2_5_x86_64.whl.metadata (20 kB)
Collecting multidict<7.0,>=4.5 (from aiohttp!=4.0.0a0,!=4.0.0a1->fsspec[http]>=2022.5.0->pytorch-lightning==2.5.0->boltz==2.2.1)
  Using cached multidict-6.7.1-cp311-cp311-manylinux2014_x86_64.manylinux_2_17_x86_64.manylinux_2_28_x86_64.whl.metadata (5.3 kB)
Collecting propcache>=0.2.0 (from aiohttp!=4.0.0a0,!=4.0.0a1->fsspec[http]>=2022.5.0->pytorch-lightning==2.5.0->boltz==2.2.1)
  Using cached propcache-0.4.1-cp311-cp311-manylinux2014_x86_64.manylinux_2_17_x86_64.manylinux_2_28_x86_64.whl.metadata (13 kB)
Collecting yarl<2.0,>=1.17.0 (from aiohttp!=4.0.0a0,!=4.0.0a1->fsspec[http]>=2022.5.0->pytorch-lightning==2.5.0->boltz==2.2.1)
  Using cached yarl-1.23.0-cp311-cp311-manylinux2014_x86_64.manylinux_2_17_x86_64.manylinux_2_28_x86_64.whl.metadata (79 kB)
Collecting gitdb<5,>=4.0.1 (from gitpython!=3.1.29,>=1.0.0->wandb==0.18.7->boltz==2.2.1)
  Using cached gitdb-4.0.12-py3-none-any.whl.metadata (1.2 kB)
Collecting smmap<6,>=3.0.1 (from gitdb<5,>=4.0.1->gitpython!=3.1.29,>=1.0.0->wandb==0.18.7->boltz==2.2.1)
  Using cached smmap-5.0.3-py3-none-any.whl.metadata (4.6 kB)
Collecting msgpack (from ihm>=1.7->modelcif==1.2->boltz==2.2.1)
  Using cached msgpack-1.1.2-cp311-cp311-manylinux2014_x86_64.manylinux_2_17_x86_64.manylinux_2_28_x86_64.whl.metadata (8.1 kB)
Collecting python-dateutil>=2.8.2 (from pandas>=2.2.2->boltz==2.2.1)
  Using cached python_dateutil-2.9.0.post0-py2.py3-none-any.whl.metadata (8.4 kB)
Collecting Pillow (from rdkit>=2024.3.2->boltz==2.2.1)
  Using cached pillow-12.1.1-cp311-cp311-manylinux_2_27_x86_64.manylinux_2_28_x86_64.whl.metadata (8.8 kB)
Collecting filelock (from torch>=2.2->boltz==2.2.1)
  Using cached filelock-3.25.1-py3-none-any.whl.metadata (2.0 kB)
Collecting networkx>=2.5.1 (from torch>=2.2->boltz==2.2.1)
  Using cached networkx-3.6.1-py3-none-any.whl.metadata (6.8 kB)
Collecting jinja2 (from torch>=2.2->boltz==2.2.1)
  Using cached jinja2-3.1.6-py3-none-any.whl.metadata (2.9 kB)
Collecting cuda-bindings==12.9.4 (from torch>=2.2->boltz==2.2.1)
  Using cached cuda_bindings-12.9.4-cp311-cp311-manylinux_2_24_x86_64.manylinux_2_28_x86_64.whl.metadata (2.6 kB)
Collecting nvidia-cuda-nvrtc-cu12==12.8.93 (from torch>=2.2->boltz==2.2.1)
  Using cached nvidia_cuda_nvrtc_cu12-12.8.93-py3-none-manylinux2010_x86_64.manylinux_2_12_x86_64.whl.metadata (1.7 kB)
Collecting nvidia-cuda-runtime-cu12==12.8.90 (from torch>=2.2->boltz==2.2.1)
  Using cached nvidia_cuda_runtime_cu12-12.8.90-py3-none-manylinux2014_x86_64.manylinux_2_17_x86_64.whl.metadata (1.7 kB)
Collecting nvidia-cuda-cupti-cu12==12.8.90 (from torch>=2.2->boltz==2.2.1)
  Using cached nvidia_cuda_cupti_cu12-12.8.90-py3-none-manylinux2014_x86_64.manylinux_2_17_x86_64.whl.metadata (1.7 kB)
Collecting nvidia-cudnn-cu12==9.10.2.21 (from torch>=2.2->boltz==2.2.1)
  Using cached nvidia_cudnn_cu12-9.10.2.21-py3-none-manylinux_2_27_x86_64.whl.metadata (1.8 kB)
Collecting nvidia-cublas-cu12>=12.5.0 (from cuequivariance_ops_cu12>=0.5.0->boltz==2.2.1)
  Using cached nvidia_cublas_cu12-12.8.4.1-py3-none-manylinux_2_27_x86_64.whl.metadata (1.7 kB)
Collecting nvidia-cufft-cu12==11.3.3.83 (from torch>=2.2->boltz==2.2.1)
  Using cached nvidia_cufft_cu12-11.3.3.83-py3-none-manylinux2014_x86_64.manylinux_2_17_x86_64.whl.metadata (1.7 kB)
Collecting nvidia-curand-cu12==10.3.9.90 (from torch>=2.2->boltz==2.2.1)
  Using cached nvidia_curand_cu12-10.3.9.90-py3-none-manylinux_2_27_x86_64.whl.metadata (1.7 kB)
Collecting nvidia-cusolver-cu12==11.7.3.90 (from torch>=2.2->boltz==2.2.1)
  Using cached nvidia_cusolver_cu12-11.7.3.90-py3-none-manylinux_2_27_x86_64.whl.metadata (1.8 kB)
Collecting nvidia-cusparse-cu12==12.5.8.93 (from torch>=2.2->boltz==2.2.1)
  Using cached nvidia_cusparse_cu12-12.5.8.93-py3-none-manylinux2014_x86_64.manylinux_2_17_x86_64.whl.metadata (1.8 kB)
Collecting nvidia-cusparselt-cu12==0.7.1 (from torch>=2.2->boltz==2.2.1)
  Using cached nvidia_cusparselt_cu12-0.7.1-py3-none-manylinux2014_x86_64.whl.metadata (7.0 kB)
Collecting nvidia-nccl-cu12==2.27.5 (from torch>=2.2->boltz==2.2.1)
  Using cached nvidia_nccl_cu12-2.27.5-py3-none-manylinux2014_x86_64.manylinux_2_17_x86_64.whl.metadata (2.0 kB)
Collecting nvidia-nvshmem-cu12==3.4.5 (from torch>=2.2->boltz==2.2.1)
  Using cached nvidia_nvshmem_cu12-3.4.5-py3-none-manylinux2014_x86_64.manylinux_2_17_x86_64.whl.metadata (2.1 kB)
Collecting nvidia-nvtx-cu12==12.8.90 (from torch>=2.2->boltz==2.2.1)
  Using cached nvidia_nvtx_cu12-12.8.90-py3-none-manylinux2014_x86_64.manylinux_2_17_x86_64.whl.metadata (1.8 kB)
Collecting nvidia-nvjitlink-cu12==12.8.93 (from torch>=2.2->boltz==2.2.1)
  Using cached nvidia_nvjitlink_cu12-12.8.93-py3-none-manylinux2010_x86_64.manylinux_2_12_x86_64.whl.metadata (1.7 kB)
Collecting nvidia-cufile-cu12==1.13.1.3 (from torch>=2.2->boltz==2.2.1)
  Using cached nvidia_cufile_cu12-1.13.1.3-py3-none-manylinux2014_x86_64.manylinux_2_17_x86_64.whl.metadata (1.7 kB)
Collecting triton==3.6.0 (from torch>=2.2->boltz==2.2.1)
  Using cached triton-3.6.0-cp311-cp311-manylinux_2_27_x86_64.manylinux_2_28_x86_64.whl.metadata (1.7 kB)
Collecting cuda-pathfinder~=1.1 (from cuda-bindings==12.9.4->torch>=2.2->boltz==2.2.1)
  Using cached cuda_pathfinder-1.4.2-py3-none-any.whl.metadata (1.9 kB)
Collecting mpmath<1.4,>=1.1.0 (from sympy->einx==0.3.0->boltz==2.2.1)
  Using cached mpmath-1.3.0-py3-none-any.whl.metadata (8.6 kB)
Collecting opt-einsum (from cuequivariance->cuequivariance_torch>=0.5.0->boltz==2.2.1)
  Using cached opt_einsum-3.4.0-py3-none-any.whl.metadata (6.3 kB)
Collecting MarkupSafe>=2.0 (from jinja2->torch>=2.2->boltz==2.2.1)
  Using cached markupsafe-3.0.3-cp311-cp311-manylinux2014_x86_64.manylinux_2_17_x86_64.manylinux_2_28_x86_64.whl.metadata (2.7 kB)
Using cached biopython-1.84-cp311-cp311-manylinux_2_17_x86_64.manylinux2014_x86_64.whl (3.2 MB)
Using cached chembl_structure_pipeline-1.2.2-py3-none-any.whl (17 kB)
Using cached click-8.1.7-py3-none-any.whl (97 kB)
Using cached dm_tree-0.1.8-cp311-cp311-manylinux_2_17_x86_64.manylinux2014_x86_64.whl (152 kB)
Using cached einops-0.8.0-py3-none-any.whl (43 kB)
Using cached einx-0.3.0-py3-none-any.whl (102 kB)
Using cached gemmi-0.6.5-cp311-cp311-manylinux_2_17_x86_64.manylinux2014_x86_64.whl (3.2 MB)
Using cached hydra_core-1.3.2-py3-none-any.whl (154 kB)
Using cached mashumaro-3.14-py3-none-any.whl (92 kB)
Using cached numba-0.61.0-cp311-cp311-manylinux2014_x86_64.manylinux_2_17_x86_64.whl (3.8 MB)
Using cached pytorch_lightning-2.5.0-py3-none-any.whl (819 kB)
Using cached PyYAML-6.0.2-cp311-cp311-manylinux_2_17_x86_64.manylinux2014_x86_64.whl (762 kB)
Using cached requests-2.32.3-py3-none-any.whl (64 kB)
Using cached scikit_learn-1.6.1-cp311-cp311-manylinux_2_17_x86_64.manylinux2014_x86_64.whl (13.5 MB)
Using cached scipy-1.13.1-cp311-cp311-manylinux_2_17_x86_64.manylinux2014_x86_64.whl (38.6 MB)
Using cached wandb-0.18.7-py3-none-manylinux_2_17_x86_64.manylinux2014_x86_64.whl (16.1 MB)
Using cached charset_normalizer-3.4.5-cp311-cp311-manylinux2014_x86_64.manylinux_2_17_x86_64.manylinux_2_28_x86_64.whl (193 kB)
Using cached idna-3.11-py3-none-any.whl (71 kB)
Using cached llvmlite-0.44.0-cp311-cp311-manylinux_2_17_x86_64.manylinux2014_x86_64.whl (42.4 MB)
Using cached numpy-1.26.4-cp311-cp311-manylinux_2_17_x86_64.manylinux2014_x86_64.whl (18.3 MB)
Using cached omegaconf-2.3.0-py3-none-any.whl (79 kB)
Using cached protobuf-5.29.6-cp38-abi3-manylinux2014_x86_64.whl (320 kB)
Using cached typing_extensions-4.15.0-py3-none-any.whl (44 kB)
Using cached urllib3-2.6.3-py3-none-any.whl (131 kB)
Using cached certifi-2026.2.25-py3-none-any.whl (153 kB)
Using cached cuequivariance_ops_cu12-0.9.0-py3-none-manylinux_2_24_x86_64.manylinux_2_28_x86_64.whl (31.1 MB)
Using cached cuequivariance_ops_torch_cu12-0.9.0-cp311-cp311-manylinux_2_27_x86_64.manylinux_2_28_x86_64.whl (402 kB)
Using cached cuequivariance_torch-0.9.0-py3-none-any.whl (205 kB)
Using cached docker_pycreds-0.4.0-py2.py3-none-any.whl (9.0 kB)
Using cached fsspec-2026.2.0-py3-none-any.whl (202 kB)
Using cached aiohttp-3.13.3-cp311-cp311-manylinux2014_x86_64.manylinux_2_17_x86_64.manylinux_2_28_x86_64.whl (1.7 MB)
Using cached multidict-6.7.1-cp311-cp311-manylinux2014_x86_64.manylinux_2_17_x86_64.manylinux_2_28_x86_64.whl (246 kB)
Using cached yarl-1.23.0-cp311-cp311-manylinux2014_x86_64.manylinux_2_17_x86_64.manylinux_2_28_x86_64.whl (102 kB)
Using cached aiohappyeyeballs-2.6.1-py3-none-any.whl (15 kB)
Using cached aiosignal-1.4.0-py3-none-any.whl (7.5 kB)
Using cached attrs-25.4.0-py3-none-any.whl (67 kB)
Using cached frozenlist-1.8.0-cp311-cp311-manylinux1_x86_64.manylinux_2_28_x86_64.manylinux_2_5_x86_64.whl (231 kB)
Using cached gitpython-3.1.46-py3-none-any.whl (208 kB)
Using cached gitdb-4.0.12-py3-none-any.whl (62 kB)
Using cached smmap-5.0.3-py3-none-any.whl (24 kB)
Using cached joblib-1.5.3-py3-none-any.whl (309 kB)
Using cached lightning_utilities-0.15.3-py3-none-any.whl (31 kB)
Using cached pandas-3.0.1-cp311-cp311-manylinux_2_24_x86_64.manylinux_2_28_x86_64.whl (11.3 MB)
Using cached propcache-0.4.1-cp311-cp311-manylinux2014_x86_64.manylinux_2_17_x86_64.manylinux_2_28_x86_64.whl (210 kB)
Using cached psutil-7.2.2-cp36-abi3-manylinux2010_x86_64.manylinux_2_12_x86_64.manylinux_2_28_x86_64.whl (155 kB)
Using cached python_dateutil-2.9.0.post0-py2.py3-none-any.whl (229 kB)
Using cached rdkit-2025.9.6-cp311-cp311-manylinux_2_28_x86_64.whl (36.7 MB)
Using cached sentry_sdk-2.54.0-py2.py3-none-any.whl (439 kB)
Using cached six-1.17.0-py2.py3-none-any.whl (11 kB)
Using cached threadpoolctl-3.6.0-py3-none-any.whl (18 kB)
Using cached torch-2.10.0-3-cp311-cp311-manylinux_2_28_x86_64.whl (915.5 MB)
Using cached cuda_bindings-12.9.4-cp311-cp311-manylinux_2_24_x86_64.manylinux_2_28_x86_64.whl (12.2 MB)
Using cached nvidia_cublas_cu12-12.8.4.1-py3-none-manylinux_2_27_x86_64.whl (594.3 MB)
Using cached nvidia_cuda_cupti_cu12-12.8.90-py3-none-manylinux2014_x86_64.manylinux_2_17_x86_64.whl (10.2 MB)
Using cached nvidia_cuda_nvrtc_cu12-12.8.93-py3-none-manylinux2010_x86_64.manylinux_2_12_x86_64.whl (88.0 MB)
Using cached nvidia_cuda_runtime_cu12-12.8.90-py3-none-manylinux2014_x86_64.manylinux_2_17_x86_64.whl (954 kB)
Using cached nvidia_cudnn_cu12-9.10.2.21-py3-none-manylinux_2_27_x86_64.whl (706.8 MB)
Using cached nvidia_cufft_cu12-11.3.3.83-py3-none-manylinux2014_x86_64.manylinux_2_17_x86_64.whl (193.1 MB)
Using cached nvidia_cufile_cu12-1.13.1.3-py3-none-manylinux2014_x86_64.manylinux_2_17_x86_64.whl (1.2 MB)
Using cached nvidia_curand_cu12-10.3.9.90-py3-none-manylinux_2_27_x86_64.whl (63.6 MB)
Using cached nvidia_cusolver_cu12-11.7.3.90-py3-none-manylinux_2_27_x86_64.whl (267.5 MB)
Using cached nvidia_cusparse_cu12-12.5.8.93-py3-none-manylinux2014_x86_64.manylinux_2_17_x86_64.whl (288.2 MB)
Using cached nvidia_cusparselt_cu12-0.7.1-py3-none-manylinux2014_x86_64.whl (287.2 MB)
Using cached nvidia_nccl_cu12-2.27.5-py3-none-manylinux2014_x86_64.manylinux_2_17_x86_64.whl (322.3 MB)
Using cached nvidia_nvjitlink_cu12-12.8.93-py3-none-manylinux2010_x86_64.manylinux_2_12_x86_64.whl (39.3 MB)
Using cached nvidia_nvshmem_cu12-3.4.5-py3-none-manylinux2014_x86_64.manylinux_2_17_x86_64.whl (139.1 MB)
Using cached nvidia_nvtx_cu12-12.8.90-py3-none-manylinux2014_x86_64.manylinux_2_17_x86_64.whl (89 kB)
Using cached triton-3.6.0-cp311-cp311-manylinux_2_27_x86_64.manylinux_2_28_x86_64.whl (188.2 MB)
Using cached cuda_pathfinder-1.4.2-py3-none-any.whl (44 kB)
Using cached networkx-3.6.1-py3-none-any.whl (2.1 MB)
Using cached sympy-1.14.0-py3-none-any.whl (6.3 MB)
Using cached mpmath-1.3.0-py3-none-any.whl (536 kB)
Using cached torchmetrics-1.9.0-py3-none-any.whl (983 kB)
Using cached tqdm-4.67.3-py3-none-any.whl (78 kB)
Using cached cuequivariance-0.9.0-py3-none-any.whl (269 kB)
Using cached filelock-3.25.1-py3-none-any.whl (26 kB)
Using cached frozendict-2.4.7-py3-none-any.whl (16 kB)
Using cached jinja2-3.1.6-py3-none-any.whl (134 kB)
Using cached markupsafe-3.0.3-cp311-cp311-manylinux2014_x86_64.manylinux_2_17_x86_64.manylinux_2_28_x86_64.whl (22 kB)
Using cached msgpack-1.1.2-cp311-cp311-manylinux2014_x86_64.manylinux_2_17_x86_64.manylinux_2_28_x86_64.whl (426 kB)
Using cached nvidia_ml_py-13.590.48-py3-none-any.whl (50 kB)
Using cached opt_einsum-3.4.0-py3-none-any.whl (71 kB)
Using cached pillow-12.1.1-cp311-cp311-manylinux_2_27_x86_64.manylinux_2_28_x86_64.whl (7.0 MB)
Using cached platformdirs-4.9.4-py3-none-any.whl (21 kB)
Using cached setproctitle-1.3.7-cp311-cp311-manylinux1_x86_64.manylinux_2_28_x86_64.manylinux_2_5_x86_64.whl (32 kB)
Using cached types_requests-2.32.4.20260107-py3-none-any.whl (20 kB)
Building wheels for collected packages: boltz
  Building editable for boltz (pyproject.toml): started
  Building editable for boltz (pyproject.toml): finished with status 'done'
  Created wheel for boltz: filename=boltz-2.2.1-0.editable-py3-none-any.whl size=5616 sha256=ac7570364eeed38db23d10dd558ea18515af98e2a2422a876f334e262ac96241
  Stored in directory: /tmp/pip-ephem-wheel-cache-i3ly2_b1/wheels/2d/60/f7/8e813ab7332763f738989089336f0620ce35933194af09486c
Successfully built boltz
Installing collected packages: nvidia-ml-py, nvidia-cusparselt-cu12, mpmath, dm-tree, antlr4-python3-runtime, urllib3, typing-extensions, triton, tqdm, threadpoolctl, sympy, smmap, six, setproctitle, pyyaml, psutil, protobuf, propcache, platformdirs, Pillow, opt-einsum, nvidia-nvtx-cu12, nvidia-nvshmem-cu12, nvidia-nvjitlink-cu12, nvidia-nccl-cu12, nvidia-curand-cu12, nvidia-cufile-cu12, nvidia-cuda-runtime-cu12, nvidia-cuda-nvrtc-cu12, nvidia-cuda-cupti-cu12, nvidia-cublas-cu12, numpy, networkx, multidict, msgpack, MarkupSafe, llvmlite, joblib, idna, gemmi, fsspec, frozenlist, frozendict, filelock, einops, cuda-pathfinder, click, charset-normalizer, certifi, attrs, aiohappyeyeballs, yarl, types-requests, sentry-sdk, scipy, requests, rdkit, python-dateutil, omegaconf, nvidia-cusparse-cu12, nvidia-cufft-cu12, nvidia-cudnn-cu12, numba, mashumaro, lightning-utilities, jinja2, ihm, gitdb, einx, docker-pycreds, cuequivariance_ops_cu12, cuda-bindings, biopython, aiosignal, scikit-learn, pandas, nvidia-cusolver-cu12, modelcif, hydra-core, gitpython, cuequivariance_ops_torch_cu12, cuequivariance, chembl_structure_pipeline, aiohttp, wandb, torch, cuequivariance_torch, torchmetrics, fairscale, pytorch-lightning, boltz

Successfully installed MarkupSafe-3.0.3 Pillow-12.1.1 aiohappyeyeballs-2.6.1 aiohttp-3.13.3 aiosignal-1.4.0 antlr4-python3-runtime-4.9.3 attrs-25.4.0 biopython-1.84 boltz-2.2.1 certifi-2026.2.25 charset-normalizer-3.4.5 chembl_structure_pipeline-1.2.2 click-8.1.7 cuda-bindings-12.9.4 cuda-pathfinder-1.4.2 cuequivariance-0.9.0 cuequivariance_ops_cu12-0.9.0 cuequivariance_ops_torch_cu12-0.9.0 cuequivariance_torch-0.9.0 dm-tree-0.1.8 docker-pycreds-0.4.0 einops-0.8.0 einx-0.3.0 fairscale-0.4.13 filelock-3.25.1 frozendict-2.4.7 frozenlist-1.8.0 fsspec-2026.2.0 gemmi-0.6.5 gitdb-4.0.12 gitpython-3.1.46 hydra-core-1.3.2 idna-3.11 ihm-2.9 jinja2-3.1.6 joblib-1.5.3 lightning-utilities-0.15.3 llvmlite-0.44.0 mashumaro-3.14 modelcif-1.2 mpmath-1.3.0 msgpack-1.1.2 multidict-6.7.1 networkx-3.6.1 numba-0.61.0 numpy-1.26.4 nvidia-cublas-cu12-12.8.4.1 nvidia-cuda-cupti-cu12-12.8.90 nvidia-cuda-nvrtc-cu12-12.8.93 nvidia-cuda-runtime-cu12-12.8.90 nvidia-cudnn-cu12-9.10.2.21 nvidia-cufft-cu12-11.3.3.83 nvidia-cufile-cu12-1.13.1.3 nvidia-curand-cu12-10.3.9.90 nvidia-cusolver-cu12-11.7.3.90 nvidia-cusparse-cu12-12.5.8.93 nvidia-cusparselt-cu12-0.7.1 nvidia-ml-py-13.590.48 nvidia-nccl-cu12-2.27.5 nvidia-nvjitlink-cu12-12.8.93 nvidia-nvshmem-cu12-3.4.5 nvidia-nvtx-cu12-12.8.90 omegaconf-2.3.0 opt-einsum-3.4.0 pandas-3.0.1 platformdirs-4.9.4 propcache-0.4.1 protobuf-5.29.6 psutil-7.2.2 python-dateutil-2.9.0.post0 pytorch-lightning-2.5.0 pyyaml-6.0.2 rdkit-2025.9.6 requests-2.32.3 scikit-learn-1.6.1 scipy-1.13.1 sentry-sdk-2.54.0 setproctitle-1.3.7 six-1.17.0 smmap-5.0.3 sympy-1.14.0 threadpoolctl-3.6.0 torch-2.10.0 torchmetrics-1.9.0 tqdm-4.67.3 triton-3.6.0 types-requests-2.32.4.20260107 typing-extensions-4.15.0 urllib3-2.6.3 wandb-0.18.7 yarl-1.23.0
=== Step 3: GPU check (after install) ===
Wed Mar 11 16:55:38 2026       
+-----------------------------------------------------------------------------------------+
| NVIDIA-SMI 580.126.09             Driver Version: 580.126.09     CUDA Version: 13.0     |
+-----------------------------------------+------------------------+----------------------+
| GPU  Name                 Persistence-M | Bus-Id          Disp.A | Volatile Uncorr. ECC |
| Fan  Temp   Perf          Pwr:Usage/Cap |           Memory-Usage | GPU-Util  Compute M. |
|                                         |                        |               MIG M. |
|=========================================+========================+======================|
|   0  NVIDIA B200                    On  |   00000000:01:00.0 Off |                    0 |
| N/A   35C    P0            145W / 1000W |       0MiB / 183359MiB |      0%      Default |
|                                         |                        |             Disabled |
+-----------------------------------------+------------------------+----------------------+

+-----------------------------------------------------------------------------------------+
| Processes:                                                                              |
|  GPU   GI   CI              PID   Type   Process name                        GPU Memory |
|        ID   ID                                                               Usage      |
|=========================================================================================|
|  No running processes found                                                             |
+-----------------------------------------------------------------------------------------+
CUDA: True
Torch version: 2.10.0+cu128
CUDA version: 12.8
=== Step 4: Test MSA + ligand (GPU) ===
MSA server enabled: https://api.colabfold.com
MSA server authentication: no credentials provided
Downloading the CCD data to /users/k25053715/.boltz/mols.tar. This may take a bit of time. You may change the cache directory with the --cache flag.
Extracting the CCD data to /users/k25053715/.boltz/mols. This may take a bit of time. You may change the cache directory with the --cache flag.
Downloading the Boltz-2 weights to /users/k25053715/.boltz/boltz2_conf.ckpt. You may change the cache directory with the --cache flag.
Downloading the Boltz-2 affinity weights to /users/k25053715/.boltz/boltz2_aff.ckpt. You may change the cache directory with the --cache flag.
Checking input data.
Processing 1 inputs with 1 threads.
Generating MSA for test_run_gpu/pl.yaml with 1 protein entities.
Calling MSA server for target pl with 1 sequences
MSA server URL: https://api.colabfold.com
MSA pairing strategy: greedy
No authentication provided for MSA server
  0%|          | 0/1 [00:00<?, ?it/s]
  0%|          | 0/150 [elapsed: 00:00 remaining: ?][A
SUBMIT:   0%|          | 0/150 [elapsed: 00:00 remaining: ?][A
COMPLETE:   0%|          | 0/150 [elapsed: 00:00 remaining: ?][A
COMPLETE: 100%|██████████| 150/150 [elapsed: 00:00 remaining: 00:00][ACOMPLETE: 100%|██████████| 150/150 [elapsed: 00:03 remaining: 00:00]
100%|██████████| 1/1 [00:03<00:00,  3.32s/it]100%|██████████| 1/1 [00:03<00:00,  3.32s/it]
Using bfloat16 Automatic Mixed Precision (AMP)
GPU available: True (cuda), used: True
TPU available: False, using: 0 TPU cores
HPU available: False, using: 0 HPUs
/cephfs/volumes/hpc_data_usr/k25053715/3a800abf-2370-46d6-96d9-b8284b670110/MSc_research/0_project_env/boltz2_venv/lib/python3.11/site-packages/pytorch_lightning/trainer/connectors/logger_connector/logger_connector.py:76: Starting from v1.9.0, `tensorboardX` has been removed as a dependency of the `pytorch_lightning` package, due to potential conflicts with other packages in the ML ecosystem. For this reason, `logger=True` will use `CSVLogger` as the default logger, unless the `tensorboard` or `tensorboardX` packages are found. Please `pip install lightning[extra]` or one of them to enable TensorBoard support by default
Running structure prediction for 1 input.
/cephfs/volumes/hpc_data_usr/k25053715/3a800abf-2370-46d6-96d9-b8284b670110/MSc_research/0_project_env/boltz2_venv/lib/python3.11/site-packages/pytorch_lightning/utilities/migration/utils.py:56: The loaded checkpoint was produced with Lightning v2.5.0.post0, which is newer than your current Lightning version: v2.5.0
You are using a CUDA device ('NVIDIA B200') that has Tensor Cores. To properly utilize them, you should set `torch.set_float32_matmul_precision('medium' | 'high')` which will trade-off precision for performance. For more details, read https://pytorch.org/docs/stable/generated/torch.set_float32_matmul_precision.html#torch.set_float32_matmul_precision
LOCAL_RANK: 0 - CUDA_VISIBLE_DEVICES: [0]
SLURM auto-requeueing enabled. Setting signal handlers.
/cephfs/volumes/hpc_data_usr/k25053715/3a800abf-2370-46d6-96d9-b8284b670110/MSc_research/0_project_env/boltz2_venv/lib/python3.11/site-packages/pytorch_lightning/utilities/_pytree.py:21: `isinstance(treespec, LeafSpec)` is deprecated, use `isinstance(treespec, TreeSpec) and treespec.is_leaf()` instead.
Predicting: |          | 0/? [00:00<?, ?it/s]Predicting:   0%|          | 0/1 [00:00<?, ?it/s]Predicting DataLoader 0:   0%|          | 0/1 [00:00<?, ?it/s]Predicting DataLoader 0: 100%|██████████| 1/1 [00:09<00:00,  0.11it/s]Number of failed examples: 0
Predicting DataLoader 0: 100%|██████████| 1/1 [00:09<00:00,  0.11it/s]
GPU PIPELINE OK!
ls: cannot access 'test_run_gpu/predictions/': No such file or directory
Check test_run_gpu/predictions/ for .cif files
=== USAGE (GPU job) ===
source /scratch/users/k25053715/MSc_research/0_project_env/boltz2_venv/bin/activate
boltz predict your_yaml.yaml --accelerator gpu --devices 1
DONE!
