Jun-14 22:57:24.036 [main] DEBUG nextflow.cli.Launcher - $> nextflow run main.nf -c nextflow.config
Jun-14 22:57:24.254 [main] DEBUG nextflow.cli.CmdRun - N E X T F L O W  ~  version 25.10.4
Jun-14 22:57:24.298 [main] DEBUG nextflow.plugin.PluginsFacade - Setting up plugin manager > mode=prod; embedded=false; plugins-dir=/users/k25053715/.nextflow/plugins; core-plugins: nf-amazon@3.4.4,nf-azure@1.20.2,nf-cloudcache@0.5.0,nf-codecommit@0.5.0,nf-console@1.3.0,nf-google@1.23.5,nf-k8s@1.2.2,nf-tower@1.17.5,nf-wave@1.16.1
Jun-14 22:57:24.316 [main] INFO  o.pf4j.DefaultPluginStatusProvider - Enabled plugins: []
Jun-14 22:57:24.317 [main] INFO  o.pf4j.DefaultPluginStatusProvider - Disabled plugins: []
Jun-14 22:57:24.320 [main] INFO  org.pf4j.DefaultPluginManager - PF4J version 3.12.0 in 'deployment' mode
Jun-14 22:57:24.398 [main] DEBUG nextflow.util.RetryConfig - Missing nextflow session - using default retry config
Jun-14 22:57:24.701 [main] INFO  org.pf4j.AbstractPluginManager - No plugins
Jun-14 22:57:24.731 [main] DEBUG nextflow.config.ConfigBuilder - Found config local: /cephfs/volumes/hpc_data_usr/k25053715/3a800abf-2370-46d6-96d9-b8284b670110/MSc_research/nextflow/2_pipeline/015_fgfr1/nextflow.config
Jun-14 22:57:24.734 [main] DEBUG nextflow.config.ConfigBuilder - User config file: /cephfs/volumes/hpc_data_usr/k25053715/3a800abf-2370-46d6-96d9-b8284b670110/MSc_research/nextflow/2_pipeline/015_fgfr1/nextflow.config
Jun-14 22:57:24.735 [main] DEBUG nextflow.config.ConfigBuilder - Parsing config file: /cephfs/volumes/hpc_data_usr/k25053715/3a800abf-2370-46d6-96d9-b8284b670110/MSc_research/nextflow/2_pipeline/015_fgfr1/nextflow.config
Jun-14 22:57:24.736 [main] DEBUG nextflow.config.ConfigBuilder - Parsing config file: /cephfs/volumes/hpc_data_usr/k25053715/3a800abf-2370-46d6-96d9-b8284b670110/MSc_research/nextflow/2_pipeline/015_fgfr1/nextflow.config
Jun-14 22:57:24.757 [main] DEBUG nextflow.config.ConfigBuilder - Applying config profile: `standard`
Jun-14 22:57:25.161 [main] DEBUG nextflow.config.ConfigBuilder - Applying config profile: `standard`
Jun-14 22:57:25.186 [main] DEBUG nextflow.plugin.PluginsFacade - Plugins default=[]
Jun-14 22:57:25.186 [main] DEBUG nextflow.plugin.PluginsFacade - Plugins resolved requirement=[]
Jun-14 22:57:25.199 [main] DEBUG n.secret.LocalSecretsProvider - Secrets store: /users/k25053715/.nextflow/secrets/store.json
Jun-14 22:57:25.202 [main] DEBUG nextflow.secret.SecretsLoader - Discovered secrets providers: [nextflow.secret.LocalSecretsProvider@61ecbee9] - activable => nextflow.secret.LocalSecretsProvider@61ecbee9
Jun-14 22:57:25.265 [main] DEBUG nextflow.cli.CmdRun - Applied DSL=2 by global default
Jun-14 22:57:25.279 [main] DEBUG nextflow.cli.CmdRun - Launching `main.nf` [angry_sanger] DSL2 - revision: 80f1e093ba
Jun-14 22:57:25.321 [main] DEBUG nextflow.Session - Session UUID: 140aceae-925d-4a64-8d3e-acca9a1281be
Jun-14 22:57:25.321 [main] DEBUG nextflow.Session - Run name: angry_sanger
Jun-14 22:57:25.321 [main] DEBUG nextflow.Session - Executor pool size: 4
Jun-14 22:57:25.329 [main] DEBUG nextflow.file.FilePorter - File porter settings maxRetries=3; maxTransfers=50; pollTimeout=null
Jun-14 22:57:25.333 [main] DEBUG nextflow.util.ThreadPoolBuilder - Creating thread pool 'FileTransfer' minSize=10; maxSize=12; workQueue=LinkedBlockingQueue[-1]; allowCoreThreadTimeout=false
Jun-14 22:57:25.395 [main] DEBUG nextflow.cli.CmdRun - 
  Version: 25.10.4 build 11173
  Created: 10-02-2026 15:17 UTC (15:17 BST)
  System: Linux 6.8.0-124-generic
  Runtime: Groovy 4.0.28 on OpenJDK 64-Bit Server VM 17.0.16+8
  Encoding: UTF-8 (UTF-8)
  Process: 996938@erc-hpc-comp233 [127.0.1.1]
  CPUs: 4 - Mem: 503.6 GB (373.9 GB) - Swap: 0 (0)
Jun-14 22:57:25.416 [main] DEBUG nextflow.Session - Work-dir: /cephfs/volumes/hpc_data_usr/k25053715/3a800abf-2370-46d6-96d9-b8284b670110/MSc_research/nextflow/2_pipeline/015_fgfr1/work [ceph]
Jun-14 22:57:25.416 [main] DEBUG nextflow.Session - Script base path does not exist or is not a directory: /cephfs/volumes/hpc_data_usr/k25053715/3a800abf-2370-46d6-96d9-b8284b670110/MSc_research/nextflow/2_pipeline/015_fgfr1/bin
Jun-14 22:57:25.423 [main] DEBUG nextflow.executor.ExecutorFactory - Extension executors providers=[]
Jun-14 22:57:25.431 [main] DEBUG nextflow.Session - Observer factory (v2): LinObserverFactory
Jun-14 22:57:25.434 [main] DEBUG nextflow.Session - Observer factory (v2): DefaultObserverFactory
Jun-14 22:57:25.469 [main] DEBUG nextflow.cache.CacheFactory - Using Nextflow cache factory: nextflow.cache.DefaultCacheFactory
Jun-14 22:57:25.477 [main] DEBUG nextflow.util.CustomThreadPool - Creating default thread pool > poolSize: 5; maxThreads: 1000
Jun-14 22:57:25.552 [main] DEBUG nextflow.Session - Session start
Jun-14 22:57:25.985 [main] DEBUG nextflow.script.ScriptRunner - > Launching execution
Jun-14 22:57:26.098 [main] DEBUG n.script.dsl.ProcessConfigBuilder - Config settings `withName:MAKE_BOLTZ_INPUT` matches process MAKE_BOLTZ_INPUT
Jun-14 22:57:26.100 [main] DEBUG nextflow.executor.ExecutorFactory - << taskConfig executor: slurm
Jun-14 22:57:26.101 [main] DEBUG nextflow.executor.ExecutorFactory - >> processorType: 'slurm'
Jun-14 22:57:26.112 [main] DEBUG nextflow.executor.Executor - [warm up] executor > slurm
Jun-14 22:57:26.117 [main] DEBUG n.processor.TaskPollingMonitor - Creating task monitor for executor 'slurm' > capacity: 100; pollInterval: 5s; dumpInterval: 5m 
Jun-14 22:57:26.119 [main] DEBUG n.processor.TaskPollingMonitor - >>> barrier register (monitor: slurm)
Jun-14 22:57:26.121 [main] DEBUG n.executor.AbstractGridExecutor - Creating executor 'slurm' > queue-stat-interval: 1m
Jun-14 22:57:26.141 [main] DEBUG nextflow.processor.TaskProcessor - Creating process 'MAKE_BOLTZ_INPUT': maxForks=0; fair=false; array=0
Jun-14 22:57:26.186 [main] DEBUG n.script.dsl.ProcessConfigBuilder - Config settings `withName:RUN_BOLTZ2` matches process RUN_BOLTZ2
Jun-14 22:57:26.188 [main] DEBUG nextflow.executor.ExecutorFactory - << taskConfig executor: slurm
Jun-14 22:57:26.188 [main] DEBUG nextflow.executor.ExecutorFactory - >> processorType: 'slurm'
Jun-14 22:57:26.188 [main] DEBUG nextflow.processor.TaskProcessor - Creating process 'RUN_BOLTZ2': maxForks=0; fair=false; array=0
Jun-14 22:57:26.192 [main] DEBUG n.script.dsl.ProcessConfigBuilder - Config settings `withName:RUNCHIMERAX` matches process RUNCHIMERAX
Jun-14 22:57:26.193 [main] WARN  n.script.dsl.ProcessConfigBuilder - Unknown directive `env` for process `RUNCHIMERAX`
Jun-14 22:57:26.195 [main] DEBUG nextflow.executor.ExecutorFactory - << taskConfig executor: slurm
Jun-14 22:57:26.195 [main] DEBUG nextflow.executor.ExecutorFactory - >> processorType: 'slurm'
Jun-14 22:57:26.196 [main] DEBUG nextflow.processor.TaskProcessor - Creating process 'RUNCHIMERAX': maxForks=0; fair=false; array=0
Jun-14 22:57:26.199 [main] DEBUG n.script.dsl.ProcessConfigBuilder - Config settings `withName:STRAIGHTEN_LINKERS` matches process STRAIGHTEN_LINKERS
Jun-14 22:57:26.200 [main] DEBUG nextflow.executor.ExecutorFactory - << taskConfig executor: slurm
Jun-14 22:57:26.200 [main] DEBUG nextflow.executor.ExecutorFactory - >> processorType: 'slurm'
Jun-14 22:57:26.201 [main] DEBUG nextflow.processor.TaskProcessor - Creating process 'STRAIGHTEN_LINKERS': maxForks=0; fair=false; array=0
Jun-14 22:57:26.204 [main] DEBUG nextflow.executor.ExecutorFactory - << taskConfig executor: slurm
Jun-14 22:57:26.204 [main] DEBUG nextflow.executor.ExecutorFactory - >> processorType: 'slurm'
Jun-14 22:57:26.205 [main] DEBUG nextflow.processor.TaskProcessor - Creating process 'SUBMIT_OPENMM_JOBS': maxForks=0; fair=false; array=0
Jun-14 22:57:26.207 [main] DEBUG nextflow.Session - Workflow process names [dsl2]: RUNCHIMERAX, RUN_BOLTZ2, MAKE_BOLTZ_INPUT, SUBMIT_OPENMM_JOBS, STRAIGHTEN_LINKERS
Jun-14 22:57:26.209 [main] DEBUG nextflow.Session - Igniting dataflow network (5)
Jun-14 22:57:26.209 [main] DEBUG nextflow.processor.TaskProcessor - Starting process > MAKE_BOLTZ_INPUT
Jun-14 22:57:26.210 [main] DEBUG nextflow.processor.TaskProcessor - Starting process > RUN_BOLTZ2
Jun-14 22:57:26.216 [main] DEBUG nextflow.processor.TaskProcessor - Starting process > RUNCHIMERAX
Jun-14 22:57:26.217 [main] DEBUG nextflow.processor.TaskProcessor - Starting process > STRAIGHTEN_LINKERS
Jun-14 22:57:26.218 [main] DEBUG nextflow.processor.TaskProcessor - Starting process > SUBMIT_OPENMM_JOBS
Jun-14 22:57:26.218 [main] DEBUG nextflow.script.ScriptRunner - Parsed script files:
  Script_a8110193ba2c0f07: /cephfs/volumes/hpc_data_usr/k25053715/3a800abf-2370-46d6-96d9-b8284b670110/MSc_research/nextflow/2_pipeline/015_fgfr1/main.nf
Jun-14 22:57:26.218 [main] DEBUG nextflow.script.ScriptRunner - > Awaiting termination 
Jun-14 22:57:26.218 [main] DEBUG nextflow.Session - Session await
Jun-14 22:57:26.418 [Task submitter] DEBUG nextflow.executor.GridTaskHandler - [SLURM] submitted process MAKE_BOLTZ_INPUT (fgfr1_20lipids) > jobId: 34904290; workDir: /cephfs/volumes/hpc_data_usr/k25053715/3a800abf-2370-46d6-96d9-b8284b670110/MSc_research/nextflow/2_pipeline/015_fgfr1/work/17/74ed471462aa447491415670c80871
Jun-14 22:57:26.419 [Task submitter] INFO  nextflow.Session - [17/74ed47] Submitted process > MAKE_BOLTZ_INPUT (fgfr1_20lipids)
Jun-14 22:57:51.164 [Task monitor] DEBUG n.processor.TaskPollingMonitor - Task completed > TaskHandler[jobId: 34904290; id: 1; name: MAKE_BOLTZ_INPUT (fgfr1_20lipids); status: COMPLETED; exit: 0; error: -; workDir: /cephfs/volumes/hpc_data_usr/k25053715/3a800abf-2370-46d6-96d9-b8284b670110/MSc_research/nextflow/2_pipeline/015_fgfr1/work/17/74ed471462aa447491415670c80871 started: 1781474271131; exited: 2026-06-14T21:57:51.015369901Z; ]
Jun-14 22:57:51.165 [Task monitor] DEBUG nextflow.util.ThreadPoolBuilder - Creating thread pool 'TaskFinalizer' minSize=10; maxSize=12; workQueue=LinkedBlockingQueue[-1]; allowCoreThreadTimeout=false
Jun-14 22:57:51.197 [TaskFinalizer-1] DEBUG nextflow.util.ThreadPoolBuilder - Creating thread pool 'PublishDir' minSize=10; maxSize=12; workQueue=LinkedBlockingQueue[-1]; allowCoreThreadTimeout=false
Jun-14 22:57:51.292 [Task submitter] DEBUG nextflow.executor.GridTaskHandler - [SLURM] submitted process RUN_BOLTZ2 (fgfr1_20lipids) > jobId: 34904292; workDir: /cephfs/volumes/hpc_data_usr/k25053715/3a800abf-2370-46d6-96d9-b8284b670110/MSc_research/nextflow/2_pipeline/015_fgfr1/work/88/5a2af5b206562bfcd9d2cd329a72ea
Jun-14 22:57:51.293 [Task submitter] INFO  nextflow.Session - [88/5a2af5] Submitted process > RUN_BOLTZ2 (fgfr1_20lipids)
Jun-14 23:02:31.129 [Task monitor] DEBUG n.processor.TaskPollingMonitor - !! executor slurm > tasks to be completed: 1 -- submitted tasks are shown below
~> TaskHandler[jobId: 34904292; id: 2; name: RUN_BOLTZ2 (fgfr1_20lipids); status: RUNNING; exit: -; error: -; workDir: /cephfs/volumes/hpc_data_usr/k25053715/3a800abf-2370-46d6-96d9-b8284b670110/MSc_research/nextflow/2_pipeline/015_fgfr1/work/88/5a2af5b206562bfcd9d2cd329a72ea started: 1781474306131; exited: -; ]
Jun-14 23:07:21.152 [Task monitor] DEBUG n.processor.TaskPollingMonitor - Task completed > TaskHandler[jobId: 34904292; id: 2; name: RUN_BOLTZ2 (fgfr1_20lipids); status: COMPLETED; exit: 0; error: -; workDir: /cephfs/volumes/hpc_data_usr/k25053715/3a800abf-2370-46d6-96d9-b8284b670110/MSc_research/nextflow/2_pipeline/015_fgfr1/work/88/5a2af5b206562bfcd9d2cd329a72ea started: 1781474306131; exited: 2026-06-14T22:07:18.305828458Z; ]
Jun-14 23:07:21.237 [Task submitter] DEBUG nextflow.executor.GridTaskHandler - [SLURM] submitted process RUNCHIMERAX (fgfr1_20lipids) > jobId: 34904356; workDir: /cephfs/volumes/hpc_data_usr/k25053715/3a800abf-2370-46d6-96d9-b8284b670110/MSc_research/nextflow/2_pipeline/015_fgfr1/work/48/4b80329bed0df207b005edd7186b62
Jun-14 23:07:21.237 [Task submitter] INFO  nextflow.Session - [48/4b8032] Submitted process > RUNCHIMERAX (fgfr1_20lipids)
Jun-14 23:07:31.140 [Task monitor] DEBUG n.processor.TaskPollingMonitor - !! executor slurm > tasks to be completed: 1 -- submitted tasks are shown below
~> TaskHandler[jobId: 34904356; id: 3; name: RUNCHIMERAX (fgfr1_20lipids); status: SUBMITTED; exit: -; error: -; workDir: /cephfs/volumes/hpc_data_usr/k25053715/3a800abf-2370-46d6-96d9-b8284b670110/MSc_research/nextflow/2_pipeline/015_fgfr1/work/48/4b80329bed0df207b005edd7186b62 started: -; exited: -; ]
Jun-14 23:08:46.162 [Task monitor] DEBUG n.processor.TaskPollingMonitor - Task completed > TaskHandler[jobId: 34904356; id: 3; name: RUNCHIMERAX (fgfr1_20lipids); status: COMPLETED; exit: 0; error: -; workDir: /cephfs/volumes/hpc_data_usr/k25053715/3a800abf-2370-46d6-96d9-b8284b670110/MSc_research/nextflow/2_pipeline/015_fgfr1/work/48/4b80329bed0df207b005edd7186b62 started: 1781474856145; exited: 2026-06-14T22:08:44.157966946Z; ]
Jun-14 23:08:46.251 [Task submitter] DEBUG nextflow.executor.GridTaskHandler - [SLURM] submitted process STRAIGHTEN_LINKERS (fgfr1_20lipids) > jobId: 34904363; workDir: /cephfs/volumes/hpc_data_usr/k25053715/3a800abf-2370-46d6-96d9-b8284b670110/MSc_research/nextflow/2_pipeline/015_fgfr1/work/2a/79ce24fbfcd5e8827a96e55f1261ae
Jun-14 23:08:46.251 [Task submitter] INFO  nextflow.Session - [2a/79ce24] Submitted process > STRAIGHTEN_LINKERS (fgfr1_20lipids)
Jun-14 23:09:21.171 [Task monitor] DEBUG n.processor.TaskPollingMonitor - Task completed > TaskHandler[jobId: 34904363; id: 4; name: STRAIGHTEN_LINKERS (fgfr1_20lipids); status: COMPLETED; exit: 0; error: -; workDir: /cephfs/volumes/hpc_data_usr/k25053715/3a800abf-2370-46d6-96d9-b8284b670110/MSc_research/nextflow/2_pipeline/015_fgfr1/work/2a/79ce24fbfcd5e8827a96e55f1261ae started: 1781474946166; exited: 2026-06-14T22:09:18.375154976Z; ]
Jun-14 23:09:21.275 [Task submitter] DEBUG nextflow.executor.GridTaskHandler - [SLURM] submitted process SUBMIT_OPENMM_JOBS (fgfr1_20lipids) > jobId: 34904368; workDir: /cephfs/volumes/hpc_data_usr/k25053715/3a800abf-2370-46d6-96d9-b8284b670110/MSc_research/nextflow/2_pipeline/015_fgfr1/work/b2/126e52d242e8a6f254850a32990f8d
Jun-14 23:09:21.275 [Task submitter] INFO  nextflow.Session - [b2/126e52] Submitted process > SUBMIT_OPENMM_JOBS (fgfr1_20lipids)
Jun-14 23:09:36.169 [Task monitor] DEBUG n.processor.TaskPollingMonitor - Task completed > TaskHandler[jobId: 34904368; id: 5; name: SUBMIT_OPENMM_JOBS (fgfr1_20lipids); status: COMPLETED; exit: 0; error: -; workDir: /cephfs/volumes/hpc_data_usr/k25053715/3a800abf-2370-46d6-96d9-b8284b670110/MSc_research/nextflow/2_pipeline/015_fgfr1/work/b2/126e52d242e8a6f254850a32990f8d started: 1781474976152; exited: 2026-06-14T22:09:35.1684286Z; ]
Jun-14 23:09:36.172 [main] DEBUG nextflow.Session - Session await > all processes finished
Jun-14 23:09:41.145 [Task monitor] DEBUG n.processor.TaskPollingMonitor - <<< barrier arrives (monitor: slurm) - terminating tasks monitor poll loop
Jun-14 23:09:41.145 [main] DEBUG nextflow.Session - Session await > all barriers passed
Jun-14 23:09:41.148 [main] DEBUG nextflow.util.ThreadPoolManager - Thread pool 'TaskFinalizer' shutdown completed (hard=false)
Jun-14 23:09:41.149 [main] DEBUG nextflow.util.ThreadPoolManager - Thread pool 'PublishDir' shutdown completed (hard=false)
Jun-14 23:09:41.156 [main] DEBUG n.trace.WorkflowStatsObserver - Workflow completed > WorkflowStats[succeededCount=5; failedCount=0; ignoredCount=0; cachedCount=0; pendingCount=0; submittedCount=0; runningCount=0; retriesCount=0; abortedCount=0; succeedDuration=38m 30s; failedDuration=0ms; cachedDuration=0ms;loadCpus=0; loadMemory=0; peakRunning=1; peakCpus=4; peakMemory=32 GB; ]
Jun-14 23:09:41.257 [main] DEBUG nextflow.cache.CacheDB - Closing CacheDB done
Jun-14 23:09:41.294 [main] DEBUG nextflow.util.ThreadPoolManager - Thread pool 'FileTransfer' shutdown completed (hard=false)
Jun-14 23:09:41.294 [main] DEBUG nextflow.script.ScriptRunner - > Execution complete -- Goodbye
