[RUN_BOLTZ2] Started at Sat 13 Jun 20:36:41 BST 2026
[rank: 0] Seed set to 42
MSA server enabled: https://api.colabfold.com
MSA server authentication: no credentials provided
Checking input data.
Processing 1 inputs with 1 threads.
  0%|          | 0/1 [00:00<?, ?it/s]Found explicit empty MSA for some proteins, will run these in single sequence mode. Keep in mind that the model predictions will be suboptimal without an MSA.
100%|██████████| 1/1 [00:01<00:00,  1.35s/it]100%|██████████| 1/1 [00:01<00:00,  1.35s/it]
/cephfs/volumes/hpc_data_usr/k25053715/3a800abf-2370-46d6-96d9-b8284b670110/MSc_research/0_project_env/boltz2_venv/lib/python3.11/site-packages/lightning_fabric/plugins/environments/slurm.py:204: The `srun` command is available on your system but is not used. HINT: If your intention is to run Lightning on SLURM, prepend your python command with `srun` like so: srun python /cephfs/volumes/hpc_data_usr/k25053715/3a800abf-2370 ...
Using bfloat16 Automatic Mixed Precision (AMP)
GPU available: True (cuda), used: True
TPU available: False, using: 0 TPU cores
HPU available: False, using: 0 HPUs
/cephfs/volumes/hpc_data_usr/k25053715/3a800abf-2370-46d6-96d9-b8284b670110/MSc_research/0_project_env/boltz2_venv/lib/python3.11/site-packages/pytorch_lightning/trainer/connectors/logger_connector/logger_connector.py:76: Starting from v1.9.0, `tensorboardX` has been removed as a dependency of the `pytorch_lightning` package, due to potential conflicts with other packages in the ML ecosystem. For this reason, `logger=True` will use `CSVLogger` as the default logger, unless the `tensorboard` or `tensorboardX` packages are found. Please `pip install lightning[extra]` or one of them to enable TensorBoard support by default
WARNING: RDKit ETKDGv3 failed to generate a conformer for molecule CCCCCCCCCCCCCCCC(=O)OCC(COP(=O)(O)OCC[N+](C)(C)C)OC(=O)CCCCCCCCCCCCCCC, so the program will start with random coordinates. Note that the performance of the model under this behaviour was not tested.
Running structure prediction for 1 input.
/cephfs/volumes/hpc_data_usr/k25053715/3a800abf-2370-46d6-96d9-b8284b670110/MSc_research/0_project_env/boltz2_venv/lib/python3.11/site-packages/pytorch_lightning/utilities/migration/utils.py:56: The loaded checkpoint was produced with Lightning v2.5.0.post0, which is newer than your current Lightning version: v2.5.0
You are using a CUDA device ('NVIDIA A100-SXM4-40GB') that has Tensor Cores. To properly utilize them, you should set `torch.set_float32_matmul_precision('medium' | 'high')` which will trade-off precision for performance. For more details, read https://pytorch.org/docs/stable/generated/torch.set_float32_matmul_precision.html#torch.set_float32_matmul_precision
LOCAL_RANK: 0 - CUDA_VISIBLE_DEVICES: [0]
/cephfs/volumes/hpc_data_usr/k25053715/3a800abf-2370-46d6-96d9-b8284b670110/MSc_research/0_project_env/boltz2_venv/lib/python3.11/site-packages/pytorch_lightning/utilities/_pytree.py:21: `isinstance(treespec, LeafSpec)` is deprecated, use `isinstance(treespec, TreeSpec) and treespec.is_leaf()` instead.
Predicting: |          | 0/? [00:00<?, ?it/s]Predicting:   0%|          | 0/1 [00:00<?, ?it/s]Predicting DataLoader 0:   0%|          | 0/1 [00:00<?, ?it/s]Traceback (most recent call last):
  File "/cephfs/volumes/hpc_data_usr/k25053715/3a800abf-2370-46d6-96d9-b8284b670110/MSc_research/0_project_env/boltz2_venv/lib/python3.11/site-packages/pytorch_lightning/trainer/call.py", line 47, in _call_and_handle_interrupt
    return trainer_fn(*args, **kwargs)
           ^^^^^^^^^^^^^^^^^^^^^^^^^^^
  File "/cephfs/volumes/hpc_data_usr/k25053715/3a800abf-2370-46d6-96d9-b8284b670110/MSc_research/0_project_env/boltz2_venv/lib/python3.11/site-packages/pytorch_lightning/trainer/trainer.py", line 898, in _predict_impl
    results = self._run(model, ckpt_path=ckpt_path)
              ^^^^^^^^^^^^^^^^^^^^^^^^^^^^^^^^^^^^^
  File "/cephfs/volumes/hpc_data_usr/k25053715/3a800abf-2370-46d6-96d9-b8284b670110/MSc_research/0_project_env/boltz2_venv/lib/python3.11/site-packages/pytorch_lightning/trainer/trainer.py", line 982, in _run
    results = self._run_stage()
              ^^^^^^^^^^^^^^^^^
  File "/cephfs/volumes/hpc_data_usr/k25053715/3a800abf-2370-46d6-96d9-b8284b670110/MSc_research/0_project_env/boltz2_venv/lib/python3.11/site-packages/pytorch_lightning/trainer/trainer.py", line 1021, in _run_stage
    return self.predict_loop.run()
           ^^^^^^^^^^^^^^^^^^^^^^^
  File "/cephfs/volumes/hpc_data_usr/k25053715/3a800abf-2370-46d6-96d9-b8284b670110/MSc_research/0_project_env/boltz2_venv/lib/python3.11/site-packages/pytorch_lightning/loops/utilities.py", line 179, in _decorator
    return loop_run(self, *args, **kwargs)
           ^^^^^^^^^^^^^^^^^^^^^^^^^^^^^^^
  File "/cephfs/volumes/hpc_data_usr/k25053715/3a800abf-2370-46d6-96d9-b8284b670110/MSc_research/0_project_env/boltz2_venv/lib/python3.11/site-packages/pytorch_lightning/loops/prediction_loop.py", line 125, in run
    self._predict_step(batch, batch_idx, dataloader_idx, dataloader_iter)
  File "/cephfs/volumes/hpc_data_usr/k25053715/3a800abf-2370-46d6-96d9-b8284b670110/MSc_research/0_project_env/boltz2_venv/lib/python3.11/site-packages/pytorch_lightning/loops/prediction_loop.py", line 255, in _predict_step
    predictions = call._call_strategy_hook(trainer, "predict_step", *step_args)
                  ^^^^^^^^^^^^^^^^^^^^^^^^^^^^^^^^^^^^^^^^^^^^^^^^^^^^^^^^^^^^^
  File "/cephfs/volumes/hpc_data_usr/k25053715/3a800abf-2370-46d6-96d9-b8284b670110/MSc_research/0_project_env/boltz2_venv/lib/python3.11/site-packages/pytorch_lightning/trainer/call.py", line 323, in _call_strategy_hook
    output = fn(*args, **kwargs)
             ^^^^^^^^^^^^^^^^^^^
  File "/cephfs/volumes/hpc_data_usr/k25053715/3a800abf-2370-46d6-96d9-b8284b670110/MSc_research/0_project_env/boltz2_venv/lib/python3.11/site-packages/pytorch_lightning/strategies/strategy.py", line 438, in predict_step
    return self.lightning_module.predict_step(*args, **kwargs)
           ^^^^^^^^^^^^^^^^^^^^^^^^^^^^^^^^^^^^^^^^^^^^^^^^^^^
  File "/cephfs/volumes/hpc_data_usr/k25053715/3a800abf-2370-46d6-96d9-b8284b670110/MSc_research/0_project_env/boltz2/src/boltz/model/models/boltz2.py", line 1130, in predict_step
    raise e
  File "/cephfs/volumes/hpc_data_usr/k25053715/3a800abf-2370-46d6-96d9-b8284b670110/MSc_research/0_project_env/boltz2/src/boltz/model/models/boltz2.py", line 1059, in predict_step
    out = self(
          ^^^^^
  File "/cephfs/volumes/hpc_data_usr/k25053715/3a800abf-2370-46d6-96d9-b8284b670110/MSc_research/0_project_env/boltz2_venv/lib/python3.11/site-packages/torch/nn/modules/module.py", line 1776, in _wrapped_call_impl
    return self._call_impl(*args, **kwargs)
           ^^^^^^^^^^^^^^^^^^^^^^^^^^^^^^^^
  File "/cephfs/volumes/hpc_data_usr/k25053715/3a800abf-2370-46d6-96d9-b8284b670110/MSc_research/0_project_env/boltz2_venv/lib/python3.11/site-packages/torch/nn/modules/module.py", line 1787, in _call_impl
    return forward_call(*args, **kwargs)
           ^^^^^^^^^^^^^^^^^^^^^^^^^^^^^
  File "/cephfs/volumes/hpc_data_usr/k25053715/3a800abf-2370-46d6-96d9-b8284b670110/MSc_research/0_project_env/boltz2/src/boltz/model/models/boltz2.py", line 414, in forward
    s_inputs = self.input_embedder(feats)
               ^^^^^^^^^^^^^^^^^^^^^^^^^^
  File "/cephfs/volumes/hpc_data_usr/k25053715/3a800abf-2370-46d6-96d9-b8284b670110/MSc_research/0_project_env/boltz2_venv/lib/python3.11/site-packages/torch/nn/modules/module.py", line 1776, in _wrapped_call_impl
    return self._call_impl(*args, **kwargs)
           ^^^^^^^^^^^^^^^^^^^^^^^^^^^^^^^^
  File "/cephfs/volumes/hpc_data_usr/k25053715/3a800abf-2370-46d6-96d9-b8284b670110/MSc_research/0_project_env/boltz2_venv/lib/python3.11/site-packages/torch/nn/modules/module.py", line 1787, in _call_impl
    return forward_call(*args, **kwargs)
           ^^^^^^^^^^^^^^^^^^^^^^^^^^^^^
  File "/cephfs/volumes/hpc_data_usr/k25053715/3a800abf-2370-46d6-96d9-b8284b670110/MSc_research/0_project_env/boltz2/src/boltz/model/modules/trunkv2.py", line 183, in forward
    atom_enc_bias = self.atom_enc_proj_z(p)
                    ^^^^^^^^^^^^^^^^^^^^^^^
  File "/cephfs/volumes/hpc_data_usr/k25053715/3a800abf-2370-46d6-96d9-b8284b670110/MSc_research/0_project_env/boltz2_venv/lib/python3.11/site-packages/torch/nn/modules/module.py", line 1776, in _wrapped_call_impl
    return self._call_impl(*args, **kwargs)
           ^^^^^^^^^^^^^^^^^^^^^^^^^^^^^^^^
  File "/cephfs/volumes/hpc_data_usr/k25053715/3a800abf-2370-46d6-96d9-b8284b670110/MSc_research/0_project_env/boltz2_venv/lib/python3.11/site-packages/torch/nn/modules/module.py", line 1787, in _call_impl
    return forward_call(*args, **kwargs)
           ^^^^^^^^^^^^^^^^^^^^^^^^^^^^^
  File "/cephfs/volumes/hpc_data_usr/k25053715/3a800abf-2370-46d6-96d9-b8284b670110/MSc_research/0_project_env/boltz2_venv/lib/python3.11/site-packages/torch/nn/modules/container.py", line 253, in forward
    input = module(input)
            ^^^^^^^^^^^^^
  File "/cephfs/volumes/hpc_data_usr/k25053715/3a800abf-2370-46d6-96d9-b8284b670110/MSc_research/0_project_env/boltz2_venv/lib/python3.11/site-packages/torch/nn/modules/module.py", line 1776, in _wrapped_call_impl
    return self._call_impl(*args, **kwargs)
           ^^^^^^^^^^^^^^^^^^^^^^^^^^^^^^^^
  File "/cephfs/volumes/hpc_data_usr/k25053715/3a800abf-2370-46d6-96d9-b8284b670110/MSc_research/0_project_env/boltz2_venv/lib/python3.11/site-packages/torch/nn/modules/module.py", line 1787, in _call_impl
    return forward_call(*args, **kwargs)
           ^^^^^^^^^^^^^^^^^^^^^^^^^^^^^
  File "/cephfs/volumes/hpc_data_usr/k25053715/3a800abf-2370-46d6-96d9-b8284b670110/MSc_research/0_project_env/boltz2_venv/lib/python3.11/site-packages/torch/nn/modules/normalization.py", line 229, in forward
    return F.layer_norm(
           ^^^^^^^^^^^^^
  File "/cephfs/volumes/hpc_data_usr/k25053715/3a800abf-2370-46d6-96d9-b8284b670110/MSc_research/0_project_env/boltz2_venv/lib/python3.11/site-packages/torch/nn/functional.py", line 2935, in layer_norm
    return torch.layer_norm(
           ^^^^^^^^^^^^^^^^^
torch.AcceleratorError: CUDA error: invalid program counter
Search for `cudaErrorInvalidPc' in https://docs.nvidia.com/cuda/cuda-runtime-api/group__CUDART__TYPES.html for more information.
CUDA kernel errors might be asynchronously reported at some other API call, so the stacktrace below might be incorrect.
For debugging consider passing CUDA_LAUNCH_BLOCKING=1
Compile with `TORCH_USE_CUDA_DSA` to enable device-side assertions.


During handling of the above exception, another exception occurred:

Traceback (most recent call last):
  File "/cephfs/volumes/hpc_data_usr/k25053715/3a800abf-2370-46d6-96d9-b8284b670110/MSc_research/0_project_env/boltz2_venv/bin/boltz", line 8, in <module>
    sys.exit(cli())
             ^^^^^
  File "/cephfs/volumes/hpc_data_usr/k25053715/3a800abf-2370-46d6-96d9-b8284b670110/MSc_research/0_project_env/boltz2_venv/lib/python3.11/site-packages/click/core.py", line 1157, in __call__
    return self.main(*args, **kwargs)
           ^^^^^^^^^^^^^^^^^^^^^^^^^^
  File "/cephfs/volumes/hpc_data_usr/k25053715/3a800abf-2370-46d6-96d9-b8284b670110/MSc_research/0_project_env/boltz2_venv/lib/python3.11/site-packages/click/core.py", line 1078, in main
    rv = self.invoke(ctx)
         ^^^^^^^^^^^^^^^^
  File "/cephfs/volumes/hpc_data_usr/k25053715/3a800abf-2370-46d6-96d9-b8284b670110/MSc_research/0_project_env/boltz2_venv/lib/python3.11/site-packages/click/core.py", line 1688, in invoke
    return _process_result(sub_ctx.command.invoke(sub_ctx))
                           ^^^^^^^^^^^^^^^^^^^^^^^^^^^^^^^
  File "/cephfs/volumes/hpc_data_usr/k25053715/3a800abf-2370-46d6-96d9-b8284b670110/MSc_research/0_project_env/boltz2_venv/lib/python3.11/site-packages/click/core.py", line 1434, in invoke
    return ctx.invoke(self.callback, **ctx.params)
           ^^^^^^^^^^^^^^^^^^^^^^^^^^^^^^^^^^^^^^^
  File "/cephfs/volumes/hpc_data_usr/k25053715/3a800abf-2370-46d6-96d9-b8284b670110/MSc_research/0_project_env/boltz2_venv/lib/python3.11/site-packages/click/core.py", line 783, in invoke
    return __callback(*args, **kwargs)
           ^^^^^^^^^^^^^^^^^^^^^^^^^^^
  File "/cephfs/volumes/hpc_data_usr/k25053715/3a800abf-2370-46d6-96d9-b8284b670110/MSc_research/0_project_env/boltz2/src/boltz/main.py", line 1329, in predict
    trainer.predict(
  File "/cephfs/volumes/hpc_data_usr/k25053715/3a800abf-2370-46d6-96d9-b8284b670110/MSc_research/0_project_env/boltz2_venv/lib/python3.11/site-packages/pytorch_lightning/trainer/trainer.py", line 859, in predict
    return call._call_and_handle_interrupt(
           ^^^^^^^^^^^^^^^^^^^^^^^^^^^^^^^^
  File "/cephfs/volumes/hpc_data_usr/k25053715/3a800abf-2370-46d6-96d9-b8284b670110/MSc_research/0_project_env/boltz2_venv/lib/python3.11/site-packages/pytorch_lightning/trainer/call.py", line 68, in _call_and_handle_interrupt
    trainer._teardown()
  File "/cephfs/volumes/hpc_data_usr/k25053715/3a800abf-2370-46d6-96d9-b8284b670110/MSc_research/0_project_env/boltz2_venv/lib/python3.11/site-packages/pytorch_lightning/trainer/trainer.py", line 1005, in _teardown
    self.strategy.teardown()
  File "/cephfs/volumes/hpc_data_usr/k25053715/3a800abf-2370-46d6-96d9-b8284b670110/MSc_research/0_project_env/boltz2_venv/lib/python3.11/site-packages/pytorch_lightning/strategies/strategy.py", line 536, in teardown
    self.lightning_module.cpu()
  File "/cephfs/volumes/hpc_data_usr/k25053715/3a800abf-2370-46d6-96d9-b8284b670110/MSc_research/0_project_env/boltz2_venv/lib/python3.11/site-packages/lightning_fabric/utilities/device_dtype_mixin.py", line 82, in cpu
    return super().cpu()
           ^^^^^^^^^^^^^
  File "/cephfs/volumes/hpc_data_usr/k25053715/3a800abf-2370-46d6-96d9-b8284b670110/MSc_research/0_project_env/boltz2_venv/lib/python3.11/site-packages/torch/nn/modules/module.py", line 1161, in cpu
    return self._apply(lambda t: t.cpu())
           ^^^^^^^^^^^^^^^^^^^^^^^^^^^^^^
  File "/cephfs/volumes/hpc_data_usr/k25053715/3a800abf-2370-46d6-96d9-b8284b670110/MSc_research/0_project_env/boltz2_venv/lib/python3.11/site-packages/torch/nn/modules/module.py", line 933, in _apply
    module._apply(fn)
  File "/cephfs/volumes/hpc_data_usr/k25053715/3a800abf-2370-46d6-96d9-b8284b670110/MSc_research/0_project_env/boltz2_venv/lib/python3.11/site-packages/torchmetrics/metric.py", line 891, in _apply
    this._defaults[key] = fn(value)
                          ^^^^^^^^^
  File "/cephfs/volumes/hpc_data_usr/k25053715/3a800abf-2370-46d6-96d9-b8284b670110/MSc_research/0_project_env/boltz2_venv/lib/python3.11/site-packages/torch/nn/modules/module.py", line 1161, in <lambda>
    return self._apply(lambda t: t.cpu())
                                 ^^^^^^^
torch.AcceleratorError: CUDA error: invalid program counter
Search for `cudaErrorInvalidPc' in https://docs.nvidia.com/cuda/cuda-runtime-api/group__CUDART__TYPES.html for more information.
CUDA kernel errors might be asynchronously reported at some other API call, so the stacktrace below might be incorrect.
For debugging consider passing CUDA_LAUNCH_BLOCKING=1
Compile with `TORCH_USE_CUDA_DSA` to enable device-side assertions.

Predicting DataLoader 0:   0%|          | 0/1 [00:02<?, ?it/s]